<html>
<body>
<pre>
<h1>µVision Build Log</h1>
<h2>Tool Versions:</h2>
IDE-Version: £gVision V5.31.0.0
Copyright (C) 2020 ARM Ltd and ARM Germany GmbH. All rights reserved.
License Information: jc jc, jc, LIC=76F5U-SY4NN-MMB9I-TT80B-40UQ3-KGNML
 
Tool Versions:
Toolchain:       MDK-ARM Plus  Version: 5.31.0.0
Toolchain Path:  C:\Keil_v5\ARM\ARMCC\Bin
C Compiler:      Armcc.exe V5.06 update 6 (build 750)
Assembler:       Armasm.exe V5.06 update 6 (build 750)
Linker/Locator:  ArmLink.exe V5.06 update 6 (build 750)
Library Manager: ArmAr.exe V5.06 update 6 (build 750)
Hex Converter:   FromElf.exe V5.06 update 6 (build 750)
CPU DLL:         SARMCM3.DLL V5.31.0.0
Dialog DLL:      DARMCM1.DLL V1.19.3.0
Target DLL:      NULink\Nu_Link.dll V3.10
Dialog DLL:      TARMCM1.DLL V1.14.2.0
 
<h2>Project:</h2>
C:\Users\jcliu\Desktop\M0518BSP-master\SampleCode\StdDriver\GPIO_INT\KEIL\GPIO_INT.uvproj
Project File Date:  05/25/2023

<h2>Output:</h2>
*** Using Compiler 'V5.06 update 6 (build 750)', folder: 'C:\Keil_v5\ARM\ARMCC\Bin'
Rebuild target 'GPIO_INT'
assembling startup_M0518.s...
creating preprocessor file for main.c...
creating preprocessor file for system_M0518.c...
creating preprocessor file for retarget.c...
compiling system_M0518.c...
creating preprocessor file for gpio.c...
compiling main.c...
creating preprocessor file for clk.c...
compiling retarget.c...
compiling gpio.c...
creating preprocessor file for sys.c...
creating preprocessor file for uart.c...
compiling clk.c...
creating preprocessor file for timer.c...
compiling sys.c...
compiling uart.c...
compiling timer.c...
linking...
Program Size: Code=4052 RO-data=352 RW-data=56 ZI-data=1088  
After Build - User command #1: fromelf --bin ".\obj\GPIO_INT.axf" --output ".\obj\GPIO_INT.bin"
After Build - User command #2: fromelf --text -c ".\obj\GPIO_INT.axf" --output ".\obj\GPIO_INT.txt"
".\obj\GPIO_INT.axf" - 0 Error(s), 0 Warning(s).
Build Time Elapsed:  00:00:06
</pre>
</body>
</html>
